******************************************************************************
                  MSP430 Linker PC v21.6.1                     
******************************************************************************
>> Linked Fri Jul 21 18:52:50 2023

OUTPUT FILE NAME:   <Code1.out>
ENTRY POINT SYMBOL: "_c_int00_noinit_noargs"  address: 0000f030


MEMORY CONFIGURATION

         name            origin    length      used     unused   attr    fill
----------------------  --------  ---------  --------  --------  ----  --------
  SFR                   00000000   00000010  00000000  00000010  RWIX
  PERIPHERALS_8BIT      00000010   000000f0  00000000  000000f0  RWIX
  PERIPHERALS_16BIT     00000100   00000100  00000000  00000100  RWIX
  RAM                   00000200   00000100  00000050  000000b0  RWIX
  INFOD                 00001000   00000040  00000000  00000040  RWIX
  INFOC                 00001040   00000040  00000000  00000040  RWIX
  INFOB                 00001080   00000040  00000000  00000040  RWIX
  INFOA                 000010c0   00000040  00000000  00000040  RWIX
  FLASH                 0000f000   00000fe0  00000056  00000f8a  RWIX
  INT00                 0000ffe0   00000002  00000000  00000002  RWIX
  INT01                 0000ffe2   00000002  00000002  00000000  RWIX
  INT02                 0000ffe4   00000002  00000000  00000002  RWIX
  INT03                 0000ffe6   00000002  00000000  00000002  RWIX
  INT04                 0000ffe8   00000002  00000002  00000000  RWIX
  INT05                 0000ffea   00000002  00000002  00000000  RWIX
  INT06                 0000ffec   00000002  00000002  00000000  RWIX
  INT07                 0000ffee   00000002  00000000  00000002  RWIX
  INT08                 0000fff0   00000002  00000002  00000000  RWIX
  INT09                 0000fff2   00000002  00000002  00000000  RWIX
  INT10                 0000fff4   00000002  00000002  00000000  RWIX
  INT11                 0000fff6   00000002  00000000  00000002  RWIX
  INT12                 0000fff8   00000002  00000002  00000000  RWIX
  INT13                 0000fffa   00000002  00000000  00000002  RWIX
  INT14                 0000fffc   00000002  00000002  00000000  RWIX
  RESET                 0000fffe   00000002  00000002  00000000  RWIX


SECTION ALLOCATION MAP

 output                                  attributes/
section   page    origin      length       input sections
--------  ----  ----------  ----------   ----------------
.stack     0    000002b0    00000050     UNINITIALIZED
                  000002b0    00000002     rts430_eabi.lib : boot.c.obj (.stack)
                  000002b2    0000004e     --HOLE--

.text      0    0000f000    00000056     
                  0000f000    00000030     main.obj (.text:main)
                  0000f030    00000014     rts430_eabi.lib : boot.c.obj (.text:_c_int00_noinit_noargs)
                  0000f044    00000008                     : isr_trap.asm.obj (.text:_isr:__TI_ISR_TRAP)
                  0000f04c    00000006                     : exit.c.obj (.text:abort)
                  0000f052    00000004                     : pre_init.c.obj (.text:_system_pre_init)

.cinit     0    0000f000    00000000     

.binit     0    0000f000    00000000     

.init_array 
*          0    0000f000    00000000     UNINITIALIZED

PORT2      0    0000ffe2    00000002     
                  0000ffe2    00000002     rts430_eabi.lib : int01.asm.obj (.int01)

PORT1      0    0000ffe8    00000002     
                  0000ffe8    00000002     rts430_eabi.lib : int04.asm.obj (.int04)

TIMERA1    0    0000ffea    00000002     
                  0000ffea    00000002     rts430_eabi.lib : int05.asm.obj (.int05)

TIMERA0    0    0000ffec    00000002     
                  0000ffec    00000002     rts430_eabi.lib : int06.asm.obj (.int06)

USART0TX   0    0000fff0    00000002     
                  0000fff0    00000002     rts430_eabi.lib : int08.asm.obj (.int08)

USART0RX   0    0000fff2    00000002     
                  0000fff2    00000002     rts430_eabi.lib : int09.asm.obj (.int09)

WDT        0    0000fff4    00000002     
                  0000fff4    00000002     rts430_eabi.lib : int10.asm.obj (.int10)

SD24       0    0000fff8    00000002     
                  0000fff8    00000002     rts430_eabi.lib : int12.asm.obj (.int12)

NMI        0    0000fffc    00000002     
                  0000fffc    00000002     rts430_eabi.lib : int14.asm.obj (.int14)

.reset     0    0000fffe    00000002     
                  0000fffe    00000002     rts430_eabi.lib : boot.c.obj (.reset)

MODULE SUMMARY

       Module             code   ro data   rw data
       ------             ----   -------   -------
    .\
       main.obj           48     0         0      
    +--+------------------+------+---------+---------+
       Total:             48     0         0      
                                                  
    C:\ti\ccs1230\ccs\tools\compiler\ti-cgt-msp430_21.6.1.LTS\lib\rts430_eabi.lib
       boot.c.obj         20     2         0      
       isr_trap.asm.obj   8      0         0      
       exit.c.obj         6      0         0      
       pre_init.c.obj     4      0         0      
       int01.asm.obj      0      2         0      
       int04.asm.obj      0      2         0      
       int05.asm.obj      0      2         0      
       int06.asm.obj      0      2         0      
       int08.asm.obj      0      2         0      
       int09.asm.obj      0      2         0      
       int10.asm.obj      0      2         0      
       int12.asm.obj      0      2         0      
       int14.asm.obj      0      2         0      
    +--+------------------+------+---------+---------+
       Total:             38     20        0      
                                                  
       Stack:             0      0         80     
    +--+------------------+------+---------+---------+
       Grand Total:       86     20        80     


GLOBAL SYMBOLS: SORTED ALPHABETICALLY BY Name 

address   name                  
-------   ----                  
00000057  BCSCTL1               
00000058  BCSCTL2               
00000053  BCSCTL3               
0000f04c  C$$EXIT               
000010fb  CALBC1_12MHZ          
000010fd  CALBC1_8MHZ           
000010fa  CALDCO_12MHZ          
000010fc  CALDCO_8MHZ           
00000056  DCOCTL                
00000128  FCTL1                 
0000012a  FCTL2                 
0000012c  FCTL3                 
00000000  IE1                   
00000002  IFG1                  
00000134  MAC                   
00000136  MACS                  
00000004  ME1                   
00000130  MPY                   
00000132  MPYS                  
00000138  OP2                   
00000022  P1DIR                 
00000025  P1IE                  
00000024  P1IES                 
00000023  P1IFG                 
00000020  P1IN                  
00000021  P1OUT                 
00000027  P1REN                 
00000026  P1SEL                 
00000041  P1SEL2                
0000002a  P2DIR                 
0000002d  P2IE                  
0000002c  P2IES                 
0000002b  P2IFG                 
00000028  P2IN                  
00000029  P2OUT                 
0000002f  P2REN                 
0000002e  P2SEL                 
00000042  P2SEL2                
0000013c  RESHI                 
0000013a  RESLO                 
00000102  SD24CCTL0             
00000104  SD24CCTL1             
00000106  SD24CCTL2             
000000bf  SD24CONF1             
00000100  SD24CTL               
000000b0  SD24INCTL0            
000000b1  SD24INCTL1            
000000b2  SD24INCTL2            
000001ae  SD24IV                
00000110  SD24MEM0              
00000112  SD24MEM1              
00000114  SD24MEM2              
000000b8  SD24PRE0              
000000b9  SD24PRE1              
000000ba  SD24PRE2              
0000013e  SUMEXT                
00000055  SVSCTL                
00000172  TACCR0                
00000174  TACCR1                
00000176  TACCR2                
00000162  TACCTL0               
00000164  TACCTL1               
00000166  TACCTL2               
00000160  TACTL                 
0000012e  TAIV                  
00000170  TAR                   
00000074  U0BR0                 
00000075  U0BR1                 
00000070  U0CTL                 
00000073  U0MCTL                
00000072  U0RCTL                
00000076  U0RXBUF               
00000071  U0TCTL                
00000077  U0TXBUF               
00000120  WDTCTL                
00000300  __STACK_END           
00000050  __STACK_SIZE          
0000f000  __TI_CINIT_Base       
0000f000  __TI_CINIT_Limit      
0000f000  __TI_CINIT_Warm       
0000f044  __TI_ISR_TRAP         
0000ffe2  __TI_int01            
0000ffe8  __TI_int04            
0000ffea  __TI_int05            
0000ffec  __TI_int06            
0000fff0  __TI_int08            
0000fff2  __TI_int09            
0000fff4  __TI_int10            
0000fff8  __TI_int12            
0000fffc  __TI_int14            
ffffffff  __TI_pprof_out_hndl   
ffffffff  __TI_prof_data_size   
ffffffff  __TI_prof_data_start  
ffffffff  __c_args__            
0000f030  _c_int00_noinit_noargs
0000fffe  _reset_vector         
000002b0  _stack                
0000f052  _system_pre_init      
0000f04c  abort                 
0000f000  main                  


GLOBAL SYMBOLS: SORTED BY Symbol Address 

address   name                  
-------   ----                  
00000000  IE1                   
00000002  IFG1                  
00000004  ME1                   
00000020  P1IN                  
00000021  P1OUT                 
00000022  P1DIR                 
00000023  P1IFG                 
00000024  P1IES                 
00000025  P1IE                  
00000026  P1SEL                 
00000027  P1REN                 
00000028  P2IN                  
00000029  P2OUT                 
0000002a  P2DIR                 
0000002b  P2IFG                 
0000002c  P2IES                 
0000002d  P2IE                  
0000002e  P2SEL                 
0000002f  P2REN                 
00000041  P1SEL2                
00000042  P2SEL2                
00000050  __STACK_SIZE          
00000053  BCSCTL3               
00000055  SVSCTL                
00000056  DCOCTL                
00000057  BCSCTL1               
00000058  BCSCTL2               
00000070  U0CTL                 
00000071  U0TCTL                
00000072  U0RCTL                
00000073  U0MCTL                
00000074  U0BR0                 
00000075  U0BR1                 
00000076  U0RXBUF               
00000077  U0TXBUF               
000000b0  SD24INCTL0            
000000b1  SD24INCTL1            
000000b2  SD24INCTL2            
000000b8  SD24PRE0              
000000b9  SD24PRE1              
000000ba  SD24PRE2              
000000bf  SD24CONF1             
00000100  SD24CTL               
00000102  SD24CCTL0             
00000104  SD24CCTL1             
00000106  SD24CCTL2             
00000110  SD24MEM0              
00000112  SD24MEM1              
00000114  SD24MEM2              
00000120  WDTCTL                
00000128  FCTL1                 
0000012a  FCTL2                 
0000012c  FCTL3                 
0000012e  TAIV                  
00000130  MPY                   
00000132  MPYS                  
00000134  MAC                   
00000136  MACS                  
00000138  OP2                   
0000013a  RESLO                 
0000013c  RESHI                 
0000013e  SUMEXT                
00000160  TACTL                 
00000162  TACCTL0               
00000164  TACCTL1               
00000166  TACCTL2               
00000170  TAR                   
00000172  TACCR0                
00000174  TACCR1                
00000176  TACCR2                
000001ae  SD24IV                
000002b0  _stack                
00000300  __STACK_END           
000010fa  CALDCO_12MHZ          
000010fb  CALBC1_12MHZ          
000010fc  CALDCO_8MHZ           
000010fd  CALBC1_8MHZ           
0000f000  __TI_CINIT_Base       
0000f000  __TI_CINIT_Limit      
0000f000  __TI_CINIT_Warm       
0000f000  main                  
0000f030  _c_int00_noinit_noargs
0000f044  __TI_ISR_TRAP         
0000f04c  C$$EXIT               
0000f04c  abort                 
0000f052  _system_pre_init      
0000ffe2  __TI_int01            
0000ffe8  __TI_int04            
0000ffea  __TI_int05            
0000ffec  __TI_int06            
0000fff0  __TI_int08            
0000fff2  __TI_int09            
0000fff4  __TI_int10            
0000fff8  __TI_int12            
0000fffc  __TI_int14            
0000fffe  _reset_vector         
ffffffff  __TI_pprof_out_hndl   
ffffffff  __TI_prof_data_size   
ffffffff  __TI_prof_data_start  
ffffffff  __c_args__            

[100 symbols]
